// Jest Snapshot v1, https://goo.gl/fbAQLP

exports[`<ServerSettings /> should render 1`] = `
<Container__NarrowContainer>
  <Connect(Api) />
</Container__NarrowContainer>
`;
