// Vitest Snapshot v1

exports[`<UserPermissions /> > should render 1`] = `ShallowWrapper {}`;
