// Vitest Snapshot v1

exports[`<ManageUsers /> > should render 1`] = `ShallowWrapper {}`;
