// Vitest Snapshot v1

exports[`<ReferenceDetailTabs /> > should render 1`] = `ShallowWrapper {}`;
