// Vitest Snapshot v1

exports[`<RemoveSubtraction /> > should render when [show=%p] false 1`] = `ShallowWrapper {}`;

exports[`<RemoveSubtraction /> > should render when [show=%p] true 1`] = `ShallowWrapper {}`;
