// Vitest Snapshot v1

exports[`<Subtraction /> > should render 1`] = `ShallowWrapper {}`;
