// Vitest Snapshot v1

exports[`<RemoveSequence /> > renders correctly 1`] = `ShallowWrapper {}`;
