// Vitest Snapshot v1

exports[`<AnalysisHMMAlert /> > should render 1`] = `""`;

exports[`<AnalysisHMMAlert /> > should render when [installed = false] 1`] = `
<Styled(_Alert)
  color="orange"
  level={true}
>
  <Icon
    faStyle="fas"
    fixedWidth={false}
    name="info-circle"
  />
  <span>
    <strong>
      HMM data is not installed. 
    </strong>
    <Link
      to="/hmm"
    >
      Install HMMs
    </Link>
    <span>
       to run NuV analyses.
    </span>
  </span>
</Styled(_Alert)>
`;
