// Vitest Snapshot v1

exports[`<CacheDetail /> > should render 1`] = `ShallowWrapper {}`;

exports[`<CacheDetail /> > should render when [detail=null] 1`] = `ShallowWrapper {}`;
