// Vitest Snapshot v1

exports[`<CacheQuality /> > should render 1`] = `ShallowWrapper {}`;
