// Vitest Snapshot v1

exports[`<ReferenceItemBuild /> > should render 'No Build Found' when [latestBuild=null] 1`] = `ShallowWrapper {}`;

exports[`<ReferenceItemBuild /> > should render 'No Build Found' when [progress=30] 1`] = `ShallowWrapper {}`;

exports[`<ReferenceItemBuild /> > should render build info when latestBuild available and [progress=100] 1`] = `ShallowWrapper {}`;
